
> @figma/my-make-file@0.0.1 build
> vite build

[36mvite v7.3.1 [32mbuilding client environment for production...[36m[39m
transforming...
[32mΓ£ô[39m 2253 modules transformed.
rendering chunks...
computing gzip size...
[2mdist/[22m[32mindex.html                 [39m[1m[2m  0.44 kB[22m[1m[22m[2m Γöé gzip:   0.28 kB[22m
[2mdist/[22m[35massets/index-Cr2HU5dT.css  [39m[1m[2m116.31 kB[22m[1m[22m[2m Γöé gzip:  19.15 kB[22m
[2mdist/[22m[36massets/index-Dd5Sr9eC.js   [39m[1m[33m614.49 kB[39m[22m[2m Γöé gzip: 186.10 kB[22m
node.exe : [33m
At line:1 char:1
+ & "C:\Program Files\nodejs/node.exe" "C:\Program Files\nodejs/node_mo ...
+ ~~~~~~~~~~~~~~~~~~~~~~~~~~~~~~~~~~~~~~~~~~~~~~~~~~~~~~~~~~~~~~~~~~~~~
    + CategoryInfo          : NotSpecified: ([33m:String) [], RemoteException
    + FullyQualifiedErrorId : NativeCommandError
 
(!) Some chunks are larger than 500 kB after minification. Consider:
- Using dynamic import() to code-split the application
- Use build.rollupOptions.output.manualChunks to improve chunking: 
https://rollupjs.org/configuration-options/#output-manualchunks
- Adjust chunk size limit for this warning via build.chunkSizeWarningLimit.[39m
[32mΓ£ô built in 5.29s[39m
